[
    Raw {
        driver: "claude",
        value: Object {
            "cwd": String("/test"),
            "model": String("claude-opus-4-7"),
            "session_id": String("11111111-1111-1111-1111-111111111111"),
            "subtype": String("init"),
            "type": String("system"),
        },
    },
    Raw {
        driver: "claude",
        value: Object {
            "rate_limit_info": Object {
                "status": String("allowed"),
            },
            "session_id": String("11111111-1111-1111-1111-111111111111"),
            "type": String("rate_limit_event"),
        },
    },
    AssistantText {
        delta: "hello",
    },
    Usage {
        input_tokens: 6,
        output_tokens: 1,
    },
    TurnComplete {
        final_text: Some(
            "hello",
        ),
    },
]
