[
    Raw {
        driver: "codex",
        value: Object {
            "thread_id": String("66666666-6666-6666-6666-666666666666"),
            "type": String("thread.started"),
        },
    },
    Raw {
        driver: "codex",
        value: Object {
            "type": String("turn.started"),
        },
    },
    AssistantText {
        delta: "The 'nonexistent-model-12345' model is not supported when using Codex with a ChatGPT account.",
    },
    TurnComplete {
        ok: false,
    },
]
